[theme.creativemox.com/digimax/index.html]
[backblue.gif]
[fade.gif]
[index.html]
[theme.creativemox.com/digimax/wp-content/plugins/template-kit-export/assets/public/template-kit-export-public982a.css]
[theme.creativemox.com/digimax/feed/index.html]
[theme.creativemox.com/digimax/wp-content/themes/hello-elementor/style.min41fe.css]
[theme.creativemox.com/digimax/comments/feed/index.html]
[theme.creativemox.com/digimax/wp-content/themes/hello-elementor/theme.min41fe.css]
[theme.creativemox.com/digimax/wp-content/themes/hello-elementor/header-footer.min41fe.css]
[theme.creativemox.com/digimax/wp-content/plugins/elementor/assets/css/frontend.min5422.css]
[theme.creativemox.com/digimax/wp-content/uploads/sites/7/elementor/css/post-729bb.css]
[theme.creativemox.com/digimax/wp-content/plugins/elementor/assets/css/widget-image.min5422.css]
[theme.creativemox.com/digimax/wp-content/plugins/elementor-pro/assets/css/widget-nav-menu.min81e1.css]
[theme.creativemox.com/digimax/wp-content/plugins/elementor/assets/css/widget-divider.min5422.css]
[theme.creativemox.com/digimax/wp-content/plugins/elementor/assets/css/widget-heading.min5422.css]
[theme.creativemox.com/digimax/wp-content/plugins/elementor/assets/lib/animations/styles/e-animation-pop.min5422.css]
[theme.creativemox.com/digimax/wp-content/plugins/elementor/assets/css/widget-social-icons.min5422.css]
[theme.creativemox.com/digimax/wp-content/plugins/elementor/assets/css/conditionals/apple-webkit.min5422.css]
[theme.creativemox.com/digimax/wp-content/plugins/elementor/assets/css/widget-icon-list.min5422.css]
[theme.creativemox.com/digimax/wp-content/plugins/elementor/assets/lib/animations/styles/fadeInDown.min5422.css]
[theme.creativemox.com/digimax/wp-content/plugins/elementor/assets/lib/animations/styles/fadeInUp.min5422.css]
[theme.creativemox.com/digimax/wp-content/plugins/elementor/assets/lib/animations/styles/fadeIn.min5422.css]
[theme.creativemox.com/digimax/wp-content/plugins/elementor-pro/assets/css/widget-posts.min81e1.css]
[theme.creativemox.com/digimax/wp-content/plugins/elementor/assets/lib/swiper/v8/css/swiper.min94a4.css]
[theme.creativemox.com/digimax/wp-content/plugins/elementor/assets/css/conditionals/e-swiper.min5422.css]
[theme.creativemox.com/digimax/wp-content/plugins/elementor-pro/assets/css/frontend.min81e1.css]
[theme.creativemox.com/digimax/wp-content/uploads/sites/7/elementor/css/post-5029bb.css]
[theme.creativemox.com/digimax/wp-content/uploads/sites/7/elementor/css/post-7629bb.css]
[theme.creativemox.com/digimax/wp-content/uploads/sites/7/elementor/css/post-1261113.css]
[theme.creativemox.com/digimax/wp-content/plugins/elementskit-lite/modules/elementskit-icon-pack/assets/css/ekiticonsd617.css]
[theme.creativemox.com/digimax/wp-content/plugins/skyboot-custom-icons-for-elementor/assets/css/icomoon_brandsce14.css]
[theme.creativemox.com/digimax/wp-content/plugins/skyboot-custom-icons-for-elementor/assets/css/devicons.mince14.css]
[theme.creativemox.com/digimax/wp-content/plugins/skyboot-custom-icons-for-elementor/assets/css/elegantce14.css]
[theme.creativemox.com/digimax/wp-content/plugins/skyboot-custom-icons-for-elementor/assets/css/elusive-icons.mince14.css]
[theme.creativemox.com/digimax/wp-content/plugins/skyboot-custom-icons-for-elementor/assets/css/icofont.mince14.css]
[theme.creativemox.com/digimax/wp-content/plugins/skyboot-custom-icons-for-elementor/assets/css/icomoonce14.css]
[theme.creativemox.com/digimax/wp-content/plugins/skyboot-custom-icons-for-elementor/assets/css/iconicce14.css]
[theme.creativemox.com/digimax/wp-content/plugins/skyboot-custom-icons-for-elementor/assets/css/ionicons.mince14.css]
[theme.creativemox.com/digimax/wp-content/plugins/skyboot-custom-icons-for-elementor/assets/css/lineariconsce14.css]
[theme.creativemox.com/digimax/wp-content/plugins/skyboot-custom-icons-for-elementor/assets/css/line-awesome.mince14.css]
[theme.creativemox.com/digimax/wp-content/plugins/skyboot-custom-icons-for-elementor/assets/css/lineiconsce14.css]
[theme.creativemox.com/digimax/wp-content/plugins/skyboot-custom-icons-for-elementor/assets/css/materialdesignicons.mince14.css]
[theme.creativemox.com/digimax/wp-content/plugins/skyboot-custom-icons-for-elementor/assets/css/open-iconicce14.css]
[theme.creativemox.com/digimax/wp-content/plugins/skyboot-custom-icons-for-elementor/assets/css/simple-line-iconsce14.css]
[theme.creativemox.com/digimax/wp-content/plugins/skyboot-custom-icons-for-elementor/assets/css/themifyce14.css]
[theme.creativemox.com/digimax/wp-content/plugins/elementskit-lite/widgets/init/assets/css/widget-stylesd617.css]
[theme.creativemox.com/digimax/wp-content/plugins/elementskit-lite/widgets/init/assets/css/responsived617.css]
[theme.creativemox.com/digimax/wp-includes/js/jquery/jquery.minf43b.js]
[theme.creativemox.com/digimax/wp-includes/js/jquery/jquery-migrate.min5589.js]
[theme.creativemox.com/digimax/wp-content/plugins/template-kit-export/assets/public/template-kit-export-public982a.js]
[theme.creativemox.com/digimax/wp-content/uploads/sites/7/2024/01/logo_digimax.png]
[theme.creativemox.com/digimax/wp-json/index.html]
[theme.creativemox.com/digimax/template-kit/homepage/index.html]
[theme.creativemox.com/digimax/template-kit/services/index.html]
[theme.creativemox.com/digimax/template-kit/pricing-plan/index.html]
[theme.creativemox.com/digimax/template-kit/single-service/index.html]
[theme.creativemox.com/digimax/wp-content/uploads/sites/7/2024/01/computer-screens-with-data.jpg]
[theme.creativemox.com/digimax/template-kit/portfolio/index.html]
[theme.creativemox.com/digimax/template-kit/about-us/index.html]
[theme.creativemox.com/digimax/template-kit/contact-us/index.html]
[theme.creativemox.com/digimax/template-kit/faq/index.html]
[theme.creativemox.com/digimax/template-kit/our-team/index.html]
[theme.creativemox.com/digimax/wp-content/uploads/sites/7/2024/01/saleswoman-working-on-a-laptop-making-an-online-order-in-an-online-store-.jpg]
[theme.creativemox.com/digimax/index795e.html]
[theme.creativemox.com/digimax/2024/01/19/mastering-seo-in-2024-a-comprehensive-guide-by-digimaxs-digital-wizards/index.html]
[theme.creativemox.com/digimax/indexf196.html]
[theme.creativemox.com/digimax/2024/01/19/decoding-digital-success-how-data-analysis-empowers-your-business-growth-with-digimax/index.html]
[theme.creativemox.com/digimax/2024/01/19/from-clicks-to-conversions-optimizing-your-online-store-for-maximum-sales-impact/index.html]
[theme.creativemox.com/digimax/wp-content/uploads/sites/7/2024/01/young-woman-sit-in-cozy-office-space-or-at-home-sit-in-armchair-browsing-social-media-on-smartphone.jpg]
[theme.creativemox.com/digimax/2024/01/19/beyond-likes-and-shares-strategies-for-effective-social-media-engagement-with-digimax/index.html]
[theme.creativemox.com/digimax/wp-content/uploads/sites/7/2024/01/overhead-view-team-of-graphic-designer-working-with-color-chart-and-brainstorming-for-new-project-.jpg]
[theme.creativemox.com/digimax/2024/01/19/crafting-a-visual-identity-the-importance-of-logo-design-in-branding-strategies/index.html]
[theme.creativemox.com/digimax/wp-content/uploads/sites/7/2024/01/digital-marketing-media-in-virtual-icon-globe-shape-business-open-his-hand-working-touch-screen-tab.jpg]
[theme.creativemox.com/digimax/wp-content/uploads/sites/7/2024/01/pensive-and-focused-female-programmer-web-developer-working-in-modern-product-development-company.jpg]
[theme.creativemox.com/digimax/2024/01/19/unlocking-online-success-the-art-of-building-a-user-centric-website-with-digimax/index.html]
[theme.creativemox.com/digimax/wp-content/themes/hello-elementor/assets/js/hello-frontend.min41fe.js]
[theme.creativemox.com/digimax/wp-content/plugins/elementor-pro/assets/lib/smartmenus/jquery.smartmenus.min1576.js]
[theme.creativemox.com/digimax/wp-content/plugins/elementor-pro/assets/lib/sticky/jquery.sticky.min81e1.js]
[theme.creativemox.com/digimax/wp-includes/js/imagesloaded.minbb93.js]
[theme.creativemox.com/digimax/wp-content/plugins/elementskit-lite/libs/framework/assets/js/frontend-scriptd617.js]
[theme.creativemox.com/digimax/wp-content/plugins/elementskit-lite/widgets/init/assets/js/widget-scriptsd617.js]
[theme.creativemox.com/digimax/wp-content/plugins/elementor-pro/assets/js/webpack-pro.runtime.min81e1.js]
[theme.creativemox.com/digimax/wp-content/plugins/elementor/assets/js/webpack.runtime.min5422.js]
[theme.creativemox.com/digimax/wp-content/plugins/elementor/assets/js/frontend-modules.min5422.js]
[theme.creativemox.com/digimax/wp-includes/js/dist/hooks.min4fdd.js]
[theme.creativemox.com/digimax/wp-includes/js/dist/i18n.minc33c.js]
[theme.creativemox.com/digimax/wp-content/plugins/elementor-pro/assets/js/frontend.min81e1.js]
[theme.creativemox.com/digimax/wp-includes/js/jquery/ui/core.minb37e.js]
[theme.creativemox.com/digimax/wp-content/plugins/elementor/assets/js/frontend.min5422.js]
[theme.creativemox.com/digimax/wp-content/plugins/elementor-pro/assets/js/elements-handlers.min81e1.js]
[theme.creativemox.com/digimax/wp-content/plugins/elementskit-lite/widgets/init/assets/js/animate-circle.mind617.js]
[theme.creativemox.com/digimax/index.html]
[theme.creativemox.com/digimax/wp-content/plugins/template-kit-export/assets/public/template-kit-export-public982a.css]
[theme.creativemox.com/digimax/wp-content/themes/hello-elementor/style.min41fe.css]
[theme.creativemox.com/digimax/wp-content/themes/hello-elementor/theme.min41fe.css]
[theme.creativemox.com/digimax/wp-content/themes/hello-elementor/header-footer.min41fe.css]
[theme.creativemox.com/digimax/wp-content/plugins/elementor/assets/css/frontend.min5422.css]
[theme.creativemox.com/digimax/wp-content/uploads/sites/7/elementor/css/post-729bb.css]
[theme.creativemox.com/digimax/wp-content/plugins/elementor/assets/css/widget-image.min5422.css]
[theme.creativemox.com/digimax/wp-content/plugins/elementor-pro/assets/css/widget-nav-menu.min81e1.css]
[theme.creativemox.com/digimax/wp-content/plugins/elementor/assets/css/widget-divider.min5422.css]
[theme.creativemox.com/digimax/wp-content/plugins/elementor/assets/css/widget-heading.min5422.css]
[theme.creativemox.com/digimax/wp-content/plugins/elementor/assets/lib/animations/styles/e-animation-pop.min5422.css]
[theme.creativemox.com/digimax/wp-content/plugins/elementor/assets/css/widget-social-icons.min5422.css]
[theme.creativemox.com/digimax/wp-content/plugins/elementor/assets/css/conditionals/apple-webkit.min5422.css]
[theme.creativemox.com/digimax/wp-content/plugins/elementor/assets/css/widget-icon-list.min5422.css]
[theme.creativemox.com/digimax/wp-content/plugins/elementor/assets/lib/animations/styles/fadeInDown.min5422.css]
[theme.creativemox.com/digimax/wp-content/plugins/elementor/assets/lib/animations/styles/fadeInUp.min5422.css]
[theme.creativemox.com/digimax/wp-content/plugins/elementor/assets/lib/animations/styles/fadeIn.min5422.css]
[theme.creativemox.com/digimax/wp-content/plugins/elementor-pro/assets/css/widget-posts.min81e1.css]
[theme.creativemox.com/digimax/wp-content/plugins/elementor/assets/lib/swiper/v8/css/swiper.min94a4.css]
[theme.creativemox.com/digimax/wp-content/plugins/elementor/assets/css/conditionals/e-swiper.min5422.css]
[theme.creativemox.com/digimax/wp-content/plugins/elementor-pro/assets/css/frontend.min81e1.css]
[theme.creativemox.com/digimax/wp-content/uploads/sites/7/elementor/css/post-5029bb.css]
[theme.creativemox.com/digimax/wp-content/uploads/sites/7/elementor/css/post-7629bb.css]
[theme.creativemox.com/digimax/wp-content/plugins/elementskit-lite/widgets/init/assets/js/elementord617.js]
[theme.creativemox.com/digimax/wp-content/uploads/sites/7/2024/01/bg__img2.png]
[theme.creativemox.com/digimax/wp-content/uploads/sites/7/elementor/css/post-1261113.css]
[theme.creativemox.com/digimax/wp-content/plugins/elementskit-lite/modules/elementskit-icon-pack/assets/fonts/elementskit97ac.woff]
[theme.creativemox.com/digimax/wp-content/plugins/elementskit-lite/modules/elementskit-icon-pack/assets/css/ekiticonsd617.css]
[theme.creativemox.com/digimax/wp-content/plugins/skyboot-custom-icons-for-elementor/assets/fonts/icomoon_brands20da.eot]
[theme.creativemox.com/digimax/wp-content/plugins/skyboot-custom-icons-for-elementor/assets/fonts/icomoon_brands20da.ttf]
[theme.creativemox.com/digimax/wp-content/plugins/skyboot-custom-icons-for-elementor/assets/fonts/icomoon_brands20da.woff]
[theme.creativemox.com/digimax/wp-content/plugins/skyboot-custom-icons-for-elementor/assets/css/icomoon_brandsce14.css]
[theme.creativemox.com/digimax/wp-content/plugins/skyboot-custom-icons-for-elementor/assets/fonts/devicons4196.eot]
[theme.creativemox.com/digimax/wp-content/plugins/skyboot-custom-icons-for-elementor/assets/fonts/icomoon_brands20da.svg]
[theme.creativemox.com/digimax/wp-content/plugins/skyboot-custom-icons-for-elementor/assets/fonts/deviconsd41d.eot]
[theme.creativemox.com/digimax/wp-content/plugins/skyboot-custom-icons-for-elementor/assets/fonts/devicons4196.woff]
[theme.creativemox.com/digimax/wp-content/plugins/skyboot-custom-icons-for-elementor/assets/fonts/devicons4196.ttf]
[theme.creativemox.com/digimax/wp-content/plugins/skyboot-custom-icons-for-elementor/assets/css/devicons.mince14.css]
[theme.creativemox.com/digimax/wp-content/plugins/skyboot-custom-icons-for-elementor/assets/fonts/devicons4196.svg]
[theme.creativemox.com/digimax/wp-content/plugins/skyboot-custom-icons-for-elementor/assets/fonts/ElegantIcons.eot]
[theme.creativemox.com/digimax/wp-content/plugins/skyboot-custom-icons-for-elementor/assets/fonts/ElegantIconsd41d.eot]
[theme.creativemox.com/digimax/wp-content/plugins/skyboot-custom-icons-for-elementor/assets/fonts/ElegantIcons.woff]
[theme.creativemox.com/digimax/wp-content/plugins/skyboot-custom-icons-for-elementor/assets/fonts/ElegantIcons.ttf]
[theme.creativemox.com/digimax/wp-content/plugins/skyboot-custom-icons-for-elementor/assets/css/elegantce14.css]
[theme.creativemox.com/digimax/wp-content/plugins/skyboot-custom-icons-for-elementor/assets/fonts/ElegantIcons.svg]
[theme.creativemox.com/digimax/wp-content/plugins/skyboot-custom-icons-for-elementor/assets/fonts/elusiveicons-webfont28b5.eot]
[theme.creativemox.com/digimax/wp-content/plugins/skyboot-custom-icons-for-elementor/assets/fonts/elusiveicons-webfontd41d.eot]
[theme.creativemox.com/digimax/wp-content/plugins/skyboot-custom-icons-for-elementor/assets/fonts/elusiveicons-webfont28b5.woff]
[theme.creativemox.com/digimax/wp-content/plugins/skyboot-custom-icons-for-elementor/assets/fonts/elusiveicons-webfont28b5.ttf]
[theme.creativemox.com/digimax/wp-content/plugins/skyboot-custom-icons-for-elementor/assets/css/elusive-icons.mince14.css]
[theme.creativemox.com/digimax/wp-content/plugins/skyboot-custom-icons-for-elementor/assets/fonts/elusiveicons-webfont28b5.svg]
[theme.creativemox.com/digimax/wp-content/plugins/skyboot-custom-icons-for-elementor/assets/fonts/icofont.woff2]
[theme.creativemox.com/digimax/wp-content/plugins/skyboot-custom-icons-for-elementor/assets/fonts/icofont.woff]
[theme.creativemox.com/digimax/wp-content/plugins/skyboot-custom-icons-for-elementor/assets/css/icofont.mince14.css]
[theme.creativemox.com/digimax/wp-content/plugins/skyboot-custom-icons-for-elementor/assets/fonts/icomoon265c.eot]
[theme.creativemox.com/digimax/wp-content/plugins/skyboot-custom-icons-for-elementor/assets/fonts/icomoon265c.ttf]
[theme.creativemox.com/digimax/wp-content/plugins/skyboot-custom-icons-for-elementor/assets/fonts/icomoon265c.woff]
[theme.creativemox.com/digimax/wp-content/plugins/skyboot-custom-icons-for-elementor/assets/css/icomoonce14.css]
[theme.creativemox.com/digimax/wp-content/plugins/skyboot-custom-icons-for-elementor/assets/fonts/icomoon265c.svg]
[theme.creativemox.com/digimax/wp-content/plugins/skyboot-custom-icons-for-elementor/assets/fonts/iconic03c2.eot]
[theme.creativemox.com/digimax/wp-content/plugins/skyboot-custom-icons-for-elementor/assets/fonts/iconic03c2.ttf]
[theme.creativemox.com/digimax/wp-content/plugins/skyboot-custom-icons-for-elementor/assets/fonts/iconic03c2.woff]
[theme.creativemox.com/digimax/wp-content/plugins/skyboot-custom-icons-for-elementor/assets/css/iconicce14.css]
[theme.creativemox.com/digimax/wp-content/plugins/skyboot-custom-icons-for-elementor/assets/fonts/iconic03c2.svg]
[theme.creativemox.com/digimax/wp-content/plugins/skyboot-custom-icons-for-elementor/assets/fonts/ioniconsde33.eot]
[theme.creativemox.com/digimax/wp-content/plugins/skyboot-custom-icons-for-elementor/assets/fonts/ioniconsde33.woff2]
[theme.creativemox.com/digimax/wp-content/plugins/skyboot-custom-icons-for-elementor/assets/fonts/ioniconsde33.woff]
[theme.creativemox.com/digimax/wp-content/plugins/skyboot-custom-icons-for-elementor/assets/fonts/ioniconsde33.ttf]
[theme.creativemox.com/digimax/wp-content/plugins/skyboot-custom-icons-for-elementor/assets/css/ionicons.mince14.css]
[theme.creativemox.com/digimax/wp-content/plugins/skyboot-custom-icons-for-elementor/assets/fonts/ioniconsde33.svg]
[theme.creativemox.com/digimax/wp-content/plugins/skyboot-custom-icons-for-elementor/assets/fonts/Linearicons-Free54e9.eot]
[theme.creativemox.com/digimax/wp-content/plugins/skyboot-custom-icons-for-elementor/assets/fonts/Linearicons-Freed41d.eot]
[theme.creativemox.com/digimax/wp-content/plugins/skyboot-custom-icons-for-elementor/assets/fonts/Linearicons-Free54e9.woff2]
[theme.creativemox.com/digimax/wp-content/plugins/skyboot-custom-icons-for-elementor/assets/fonts/Linearicons-Free54e9.woff]
[theme.creativemox.com/digimax/wp-content/plugins/skyboot-custom-icons-for-elementor/assets/fonts/Linearicons-Free54e9.ttf]
[theme.creativemox.com/digimax/wp-content/plugins/skyboot-custom-icons-for-elementor/assets/css/lineariconsce14.css]
[theme.creativemox.com/digimax/wp-content/plugins/skyboot-custom-icons-for-elementor/assets/fonts/Linearicons-Free54e9.svg]
[theme.creativemox.com/digimax/wp-content/plugins/skyboot-custom-icons-for-elementor/assets/fonts/la-brands-400.eot]
[theme.creativemox.com/digimax/wp-content/plugins/skyboot-custom-icons-for-elementor/assets/fonts/la-brands-400d41d.eot]
[theme.creativemox.com/digimax/wp-content/plugins/skyboot-custom-icons-for-elementor/assets/fonts/la-brands-400.woff2]
[theme.creativemox.com/digimax/wp-content/plugins/skyboot-custom-icons-for-elementor/assets/fonts/la-brands-400.woff]
[theme.creativemox.com/digimax/wp-content/plugins/skyboot-custom-icons-for-elementor/assets/fonts/la-brands-400.ttf]
[theme.creativemox.com/digimax/wp-content/plugins/skyboot-custom-icons-for-elementor/assets/fonts/la-regular-400.eot]
[theme.creativemox.com/digimax/wp-content/plugins/skyboot-custom-icons-for-elementor/assets/fonts/la-brands-400.svg]
[theme.creativemox.com/digimax/wp-content/plugins/skyboot-custom-icons-for-elementor/assets/fonts/la-regular-400d41d.eot]
[theme.creativemox.com/digimax/wp-content/plugins/skyboot-custom-icons-for-elementor/assets/fonts/la-regular-400.woff2]
[theme.creativemox.com/digimax/wp-content/plugins/skyboot-custom-icons-for-elementor/assets/fonts/la-regular-400.woff]
[theme.creativemox.com/digimax/wp-content/plugins/skyboot-custom-icons-for-elementor/assets/fonts/la-regular-400.ttf]
[theme.creativemox.com/digimax/wp-content/plugins/skyboot-custom-icons-for-elementor/assets/fonts/la-regular-400.svg]
[theme.creativemox.com/digimax/wp-content/plugins/skyboot-custom-icons-for-elementor/assets/fonts/la-solid-900.eot]
[theme.creativemox.com/digimax/wp-content/plugins/skyboot-custom-icons-for-elementor/assets/fonts/la-solid-900d41d.eot]
[theme.creativemox.com/digimax/wp-content/plugins/skyboot-custom-icons-for-elementor/assets/fonts/la-solid-900.woff2]
[theme.creativemox.com/digimax/wp-content/plugins/skyboot-custom-icons-for-elementor/assets/fonts/la-solid-900.woff]
[theme.creativemox.com/digimax/wp-content/plugins/skyboot-custom-icons-for-elementor/assets/fonts/la-solid-900.ttf]
[theme.creativemox.com/digimax/wp-content/plugins/skyboot-custom-icons-for-elementor/assets/css/line-awesome.mince14.css]
[theme.creativemox.com/digimax/wp-content/plugins/skyboot-custom-icons-for-elementor/assets/fonts/LineIcons.eot]
[theme.creativemox.com/digimax/wp-content/plugins/skyboot-custom-icons-for-elementor/assets/fonts/la-solid-900.svg]
[theme.creativemox.com/digimax/wp-content/plugins/skyboot-custom-icons-for-elementor/assets/fonts/LineIcons.woff2]
[theme.creativemox.com/digimax/wp-content/plugins/skyboot-custom-icons-for-elementor/assets/fonts/LineIcons.woff]
[theme.creativemox.com/digimax/wp-content/plugins/skyboot-custom-icons-for-elementor/assets/fonts/LineIcons.ttf]
[theme.creativemox.com/digimax/wp-content/plugins/skyboot-custom-icons-for-elementor/assets/css/lineiconsce14.css]
[theme.creativemox.com/digimax/wp-content/plugins/skyboot-custom-icons-for-elementor/assets/fonts/LineIcons.svg]
[theme.creativemox.com/digimax/wp-content/plugins/skyboot-custom-icons-for-elementor/assets/fonts/materialdesignicons-webfontb1c3.eot]
[theme.creativemox.com/digimax/wp-content/plugins/skyboot-custom-icons-for-elementor/assets/fonts/materialdesignicons-webfontd41d.eot]
[theme.creativemox.com/digimax/wp-content/plugins/skyboot-custom-icons-for-elementor/assets/fonts/materialdesignicons-webfontb1c3.woff2]
[theme.creativemox.com/digimax/wp-content/plugins/skyboot-custom-icons-for-elementor/assets/fonts/materialdesignicons-webfontb1c3.woff]
[theme.creativemox.com/digimax/wp-content/plugins/skyboot-custom-icons-for-elementor/assets/fonts/materialdesignicons-webfontb1c3.ttf]
[theme.creativemox.com/digimax/wp-content/plugins/skyboot-custom-icons-for-elementor/assets/css/materialdesignicons.mince14.css]
[theme.creativemox.com/digimax/wp-content/plugins/skyboot-custom-icons-for-elementor/assets/fonts/open-iconic.eot]
[theme.creativemox.com/digimax/wp-content/plugins/skyboot-custom-icons-for-elementor/assets/fonts/open-iconicd41d.eot]
[theme.creativemox.com/digimax/wp-content/plugins/skyboot-custom-icons-for-elementor/assets/fonts/open-iconic.woff]
[theme.creativemox.com/digimax/wp-content/plugins/skyboot-custom-icons-for-elementor/assets/fonts/open-iconic.ttf]
[theme.creativemox.com/digimax/wp-content/plugins/skyboot-custom-icons-for-elementor/assets/fonts/open-iconic.otf]
[theme.creativemox.com/digimax/wp-content/plugins/skyboot-custom-icons-for-elementor/assets/css/open-iconicce14.css]
[theme.creativemox.com/digimax/wp-content/plugins/skyboot-custom-icons-for-elementor/assets/fonts/open-iconic.svg]
[theme.creativemox.com/digimax/wp-content/plugins/skyboot-custom-icons-for-elementor/assets/fonts/Simple-Line-Iconsb26c.eot]
[theme.creativemox.com/digimax/wp-content/plugins/skyboot-custom-icons-for-elementor/assets/fonts/Simple-Line-Iconsb26c.woff2]
[theme.creativemox.com/digimax/wp-content/plugins/skyboot-custom-icons-for-elementor/assets/fonts/Simple-Line-Iconsb26c.ttf]
[theme.creativemox.com/digimax/wp-content/plugins/skyboot-custom-icons-for-elementor/assets/fonts/Simple-Line-Iconsb26c.woff]
[theme.creativemox.com/digimax/wp-content/plugins/skyboot-custom-icons-for-elementor/assets/css/simple-line-iconsce14.css]
[theme.creativemox.com/digimax/wp-content/plugins/skyboot-custom-icons-for-elementor/assets/fonts/Simple-Line-Iconsb26c.svg]
[theme.creativemox.com/digimax/wp-content/plugins/skyboot-custom-icons-for-elementor/assets/fonts/themify9f24.eot]
[theme.creativemox.com/digimax/wp-content/plugins/skyboot-custom-icons-for-elementor/assets/fonts/themify9f24.woff]
[theme.creativemox.com/digimax/wp-content/plugins/skyboot-custom-icons-for-elementor/assets/fonts/themify9f24.ttf]
[theme.creativemox.com/digimax/wp-content/plugins/skyboot-custom-icons-for-elementor/assets/css/themifyce14.css]
[theme.creativemox.com/digimax/wp-content/plugins/skyboot-custom-icons-for-elementor/assets/fonts/themify9f24.svg]
[theme.creativemox.com/digimax/wp-content/plugins/elementskit-lite/widgets/init/assets/img/arrow.png]
[theme.creativemox.com/digimax/wp-content/plugins/elementskit-lite/widgets/init/assets/img/sort_asc.png]
[theme.creativemox.com/digimax/wp-content/plugins/elementskit-lite/widgets/init/assets/img/sort_desc.png]
[theme.creativemox.com/digimax/wp-content/plugins/elementskit-lite/widgets/init/assets/img/sort_asc_disabled.png]
[theme.creativemox.com/digimax/wp-content/plugins/elementskit-lite/widgets/init/assets/css/widget-stylesd617.css]
[theme.creativemox.com/digimax/wp-content/plugins/elementskit-lite/widgets/init/assets/css/responsived617.css]
[theme.creativemox.com/digimax/wp-content/plugins/elementskit-lite/widgets/init/assets/img/cross-out.svg]
[theme.creativemox.com/digimax/wp-content/plugins/elementor/assets/css/widget-text-path.min5422.css]
[theme.creativemox.com/digimax/wp-content/plugins/elementor/assets/lib/animations/styles/fadeInLeft.min5422.css]
[theme.creativemox.com/digimax/wp-content/plugins/elementor/assets/css/widget-text-editor.min5422.css]
[theme.creativemox.com/digimax/wp-content/plugins/elementor/assets/lib/animations/styles/fadeInRight.min5422.css]
[theme.creativemox.com/digimax/wp-content/plugins/elementor/assets/css/widget-counter.min5422.css]
[theme.creativemox.com/digimax/wp-content/plugins/elementor/assets/css/widget-icon-box.min5422.css]
[theme.creativemox.com/digimax/wp-content/plugins/elementor-pro/assets/css/widget-call-to-action.min81e1.css]
[theme.creativemox.com/digimax/wp-content/plugins/elementor/assets/css/widget-rating.min5422.css]
[theme.creativemox.com/digimax/wp-content/plugins/elementor-pro/assets/css/widget-carousel.min81e1.css]
[theme.creativemox.com/digimax/wp-content/uploads/sites/7/elementor/css/post-936c6f8.css]
[theme.creativemox.com/digimax/wp-json/oembed/1.0/embed7525.json]
[theme.creativemox.com/digimax/wp-json/oembed/1.0/embeddd36]
[theme.creativemox.com/digimax/wp-content/uploads/sites/7/2024/01/logo_1.png]
[theme.creativemox.com/digimax/wp-content/uploads/sites/7/2024/01/logo_2.png]
[theme.creativemox.com/digimax/wp-content/uploads/sites/7/2024/01/logo_3.png]
[theme.creativemox.com/digimax/wp-content/uploads/sites/7/2024/01/logo_4.png]
[theme.creativemox.com/digimax/wp-content/uploads/sites/7/2024/01/logo_5.png]
[theme.creativemox.com/digimax/wp-content/uploads/sites/7/2024/01/logo_7.png]
[theme.creativemox.com/digimax/wp-content/uploads/sites/7/2024/01/logo_8.png]
[theme.creativemox.com/digimax/wp-content/uploads/sites/7/2024/01/im-so-glad-i-found-you-shot-of-two-coworkers-talking-while-using-a-digital-tablet-.jpg]
[theme.creativemox.com/digimax/wp-content/uploads/sites/7/2024/01/shot-of-two-young-workers-using-a-digital-tablet-in-a-modern-office.jpg]
[theme.creativemox.com/digimax/wp-content/uploads/sites/7/2024/01/imac_img.png]
[theme.creativemox.com/digimax/wp-content/uploads/sites/7/2024/01/img_1.png]
[theme.creativemox.com/digimax/wp-content/uploads/sites/7/2024/01/mobile_app.png]
[theme.creativemox.com/digimax/wp-content/uploads/sites/7/2024/01/bottle-of-essential-massage-oil-on-stone-beauty-treatment-minimal-black-design-packaging-mock-up.jpg]
[theme.creativemox.com/digimax/wp-content/uploads/sites/7/2024/01/man-in-white-high-top-shoes-standing-on-chair.jpg]
[theme.creativemox.com/digimax/wp-content/uploads/sites/7/2024/01/laptop-mockup-in-living-room.jpg]
[theme.creativemox.com/digimax/wp-content/uploads/sites/7/2024/01/laptop-screen-mockup.jpg]
[theme.creativemox.com/digimax/wp-content/uploads/sites/7/2024/01/creative-photo-of-a-modern-bottle-of-perfume.jpg]
[theme.creativemox.com/digimax/wp-content/uploads/sites/7/2024/01/3d-illustration-mockup-photo-frame-in-living-room-rendering.jpg]
[theme.creativemox.com/digimax/template-kit/homepage/index.html]
[theme.creativemox.com/digimax/wp-content/plugins/elementor/assets/lib/jquery-numerator/jquery-numerator.min3958.js]
[theme.creativemox.com/digimax/wp-content/uploads/sites/7/elementor/css/post-63029bb.css]
[theme.creativemox.com/digimax/wp-json/oembed/1.0/embed1c03.json]
[theme.creativemox.com/digimax/wp-json/oembed/1.0/embed6d60]
[theme.creativemox.com/digimax/wp-content/uploads/sites/7/2024/01/3.jpg]
[theme.creativemox.com/digimax/wp-content/uploads/sites/7/2024/01/1.jpg]
[theme.creativemox.com/digimax/wp-content/uploads/sites/7/2024/01/2.jpg]
[theme.creativemox.com/digimax/wp-content/uploads/sites/7/2024/01/5.jpg]
[theme.creativemox.com/digimax/template-kit/about-us/index.html]
[theme.creativemox.com/digimax/wp-content/uploads/sites/7/elementor/css/post-736f7e8.css]
[theme.creativemox.com/digimax/wp-json/oembed/1.0/embed8fc9.json]
[theme.creativemox.com/digimax/wp-json/oembed/1.0/embedb7f1]
[theme.creativemox.com/digimax/wp-content/uploads/sites/7/2024/01/digital-engineering-experts-collaborating-in-order-to-develop-advanced-scene-.jpg]
[theme.creativemox.com/digimax/template-kit/services/index.html]
[theme.creativemox.com/digimax/wp-content/plugins/elementor/assets/lib/animations/styles/zoomIn.min5422.css]
[theme.creativemox.com/digimax/wp-content/uploads/sites/7/elementor/css/post-4130c0d.css]
[theme.creativemox.com/digimax/wp-json/oembed/1.0/embedb323.json]
[theme.creativemox.com/digimax/template-kit/pricing-plan/index.html]
[theme.creativemox.com/digimax/wp-json/oembed/1.0/embed0ba7]
[theme.creativemox.com/digimax/wp-content/uploads/sites/7/elementor/css/post-872df4f.css]
[theme.creativemox.com/digimax/wp-json/oembed/1.0/embed103d.json]
[theme.creativemox.com/digimax/template-kit/single-service/index.html]
[theme.creativemox.com/digimax/wp-json/oembed/1.0/embedd6cf]
[theme.creativemox.com/digimax/wp-content/uploads/sites/7/elementor/css/post-5269d78.css]
[theme.creativemox.com/digimax/wp-json/oembed/1.0/embed7671.json]
[theme.creativemox.com/digimax/template-kit/portfolio/index.html]
[theme.creativemox.com/digimax/wp-json/oembed/1.0/embed01d1]
[theme.creativemox.com/digimax/wp-content/plugins/elementor-pro/assets/css/widget-forms.min81e1.css]
[theme.creativemox.com/digimax/wp-content/plugins/elementor/assets/lib/flatpickr/flatpickr.mineda1.css]
[theme.creativemox.com/digimax/wp-content/plugins/elementor/assets/css/widget-google_maps.min5422.css]
[theme.creativemox.com/digimax/wp-content/uploads/sites/7/elementor/css/post-193b651.css]
[theme.creativemox.com/digimax/wp-json/oembed/1.0/embedbead.json]
[theme.creativemox.com/digimax/template-kit/contact-us/index.html]
[theme.creativemox.com/digimax/wp-json/oembed/1.0/embedcbcc]
[theme.creativemox.com/digimax/wp-content/plugins/elementor/assets/lib/animations/styles/bounceIn.min5422.css]
[theme.creativemox.com/digimax/wp-content/uploads/sites/7/elementor/css/post-33320ae.css]
[theme.creativemox.com/digimax/wp-json/oembed/1.0/embed8b0e.json]
[theme.creativemox.com/digimax/wp-json/oembed/1.0/embed6d61]
[theme.creativemox.com/digimax/wp-content/uploads/sites/7/2024/01/10.jpg]
[theme.creativemox.com/digimax/wp-content/uploads/sites/7/2024/01/14.jpg]
[theme.creativemox.com/digimax/wp-content/uploads/sites/7/2024/01/13.jpg]
[theme.creativemox.com/digimax/wp-content/uploads/sites/7/2024/01/9.jpg]
[theme.creativemox.com/digimax/template-kit/our-team/index.html]
[theme.creativemox.com/digimax/wp-content/uploads/sites/7/elementor/css/post-277e1e7.css]
[theme.creativemox.com/digimax/wp-json/oembed/1.0/embede336.json]
[theme.creativemox.com/digimax/template-kit/faq/index.html]
[theme.creativemox.com/digimax/wp-json/oembed/1.0/embed7e66]
[theme.creativemox.com/digimax/wp-json/oembed/1.0/embed9279]
[theme.creativemox.com/digimax/wp-json/oembed/1.0/embed5cf4]
[theme.creativemox.com/digimax/index795e.html]
[theme.creativemox.com/digimax/wp-includes/css/dist/block-library/style.min9704.css]
[theme.creativemox.com/digimax/2024/01/19/mastering-seo-in-2024-a-comprehensive-guide-by-digimaxs-digital-wizards/feed/index.html]
[theme.creativemox.com/digimax/wp-content/plugins/elementor-pro/assets/css/widget-theme-elements.min81e1.css]
[theme.creativemox.com/digimax/wp-content/plugins/elementor-pro/assets/css/widget-share-buttons.min81e1.css]
[theme.creativemox.com/digimax/wp-content/uploads/sites/7/elementor/css/post-1558354.css]
[theme.creativemox.com/digimax/wp-json/wp/v2/posts/100.json]
[theme.creativemox.com/digimax/wp-json/oembed/1.0/embed39a0.json]
[theme.creativemox.com/digimax/wp-json/oembed/1.0/embedbc85]
[theme.creativemox.com/digimax/2024/01/19/index.html]
[theme.creativemox.com/digimax/category/digital-marketing/index.html]
[theme.creativemox.com/digimax/wp-content/uploads/sites/7/2024/01/shot-of-two-young-workers-using-a-digital-tablet-in-a-modern-office-300x200.jpg]
[theme.creativemox.com/digimax/2024/01/19/mastering-seo-in-2024-a-comprehensive-guide-by-digimaxs-digital-wizards/index.html]
[theme.creativemox.com/digimax/wp-includes/js/comment-reply.min9704.js]
[theme.creativemox.com/digimax/wp-content/uploads/sites/7/elementor/css/post-179984c.css]
[theme.creativemox.com/digimax/category/data-analytics/index.html]
[theme.creativemox.com/digimax/category/web-development/index.html]
[theme.creativemox.com/digimax/category/social-media-management/index.html]
[theme.creativemox.com/digimax/category/graphic-design/index.html]
[theme.creativemox.com/digimax/wp-json/oembed/1.0/embed4ea4]
[theme.creativemox.com/digimax/category/e-commerce-solutions/index.html]
[theme.creativemox.com/digimax/wp-json/oembed/1.0/embed9307]
[theme.creativemox.com/digimax/indexf196.html]
[theme.creativemox.com/digimax/wp-json/wp/v2/posts/99.json]
[theme.creativemox.com/digimax/2024/01/19/decoding-digital-success-how-data-analysis-empowers-your-business-growth-with-digimax/feed/index.html]
[theme.creativemox.com/digimax/wp-json/oembed/1.0/embed3a4a.json]
[theme.creativemox.com/digimax/2024/01/19/decoding-digital-success-how-data-analysis-empowers-your-business-growth-with-digimax/index.html]
[theme.creativemox.com/digimax/wp-json/oembed/1.0/embed67d0]
[theme.creativemox.com/digimax/wp-json/wp/v2/posts/98.json]
[theme.creativemox.com/digimax/2024/01/19/from-clicks-to-conversions-optimizing-your-online-store-for-maximum-sales-impact/feed/index.html]
[theme.creativemox.com/digimax/wp-json/oembed/1.0/embed0714.json]
[theme.creativemox.com/digimax/2024/01/19/from-clicks-to-conversions-optimizing-your-online-store-for-maximum-sales-impact/index.html]
[theme.creativemox.com/digimax/wp-json/oembed/1.0/embedef33]
[theme.creativemox.com/digimax/wp-json/wp/v2/posts/102.json]
[theme.creativemox.com/digimax/2024/01/19/beyond-likes-and-shares-strategies-for-effective-social-media-engagement-with-digimax/feed/index.html]
[theme.creativemox.com/digimax/wp-json/oembed/1.0/embed42dd.json]
[theme.creativemox.com/digimax/2024/01/19/beyond-likes-and-shares-strategies-for-effective-social-media-engagement-with-digimax/index.html]
[theme.creativemox.com/digimax/wp-json/oembed/1.0/embed1541]
[theme.creativemox.com/digimax/wp-json/wp/v2/posts/101.json]
[theme.creativemox.com/digimax/2024/01/19/crafting-a-visual-identity-the-importance-of-logo-design-in-branding-strategies/feed/index.html]
[theme.creativemox.com/digimax/wp-json/oembed/1.0/embedbad7.json]
[theme.creativemox.com/digimax/2024/01/19/crafting-a-visual-identity-the-importance-of-logo-design-in-branding-strategies/index.html]
[theme.creativemox.com/digimax/wp-json/oembed/1.0/embed8743]
[theme.creativemox.com/digimax/wp-json/wp/v2/posts/94.json]
[theme.creativemox.com/digimax/2024/01/19/unlocking-online-success-the-art-of-building-a-user-centric-website-with-digimax/feed/index.html]
[theme.creativemox.com/digimax/wp-json/oembed/1.0/embedc25f.json]
[theme.creativemox.com/digimax/2024/01/19/unlocking-online-success-the-art-of-building-a-user-centric-website-with-digimax/index.html]
[theme.creativemox.com/digimax/wp-content/plugins/skyboot-custom-icons-for-elementor/assets/fonts/icomoon_brands20da.svg]
[theme.creativemox.com/digimax/wp-content/plugins/skyboot-custom-icons-for-elementor/assets/fonts/devicons4196.svg]
[theme.creativemox.com/digimax/wp-content/plugins/skyboot-custom-icons-for-elementor/assets/fonts/ElegantIcons.svg]
[theme.creativemox.com/digimax/wp-content/plugins/skyboot-custom-icons-for-elementor/assets/fonts/elusiveicons-webfont28b5.svg]
[theme.creativemox.com/digimax/wp-content/plugins/skyboot-custom-icons-for-elementor/assets/fonts/icomoon265c.svg]
[theme.creativemox.com/digimax/wp-content/plugins/skyboot-custom-icons-for-elementor/assets/fonts/iconic03c2.svg]
[theme.creativemox.com/digimax/wp-content/plugins/skyboot-custom-icons-for-elementor/assets/fonts/ioniconsde33.svg]
[theme.creativemox.com/digimax/wp-content/plugins/skyboot-custom-icons-for-elementor/assets/fonts/Linearicons-Free54e9.svg]
[theme.creativemox.com/digimax/wp-json/oembed/1.0/embed6771]
[theme.creativemox.com/digimax/wp-content/plugins/skyboot-custom-icons-for-elementor/assets/fonts/la-brands-400.svg]
[theme.creativemox.com/digimax/wp-content/plugins/skyboot-custom-icons-for-elementor/assets/fonts/la-regular-400.svg]
[theme.creativemox.com/digimax/wp-content/plugins/skyboot-custom-icons-for-elementor/assets/fonts/la-solid-900.svg]
[theme.creativemox.com/digimax/wp-content/plugins/skyboot-custom-icons-for-elementor/assets/fonts/LineIcons.svg]
[theme.creativemox.com/digimax/wp-content/plugins/skyboot-custom-icons-for-elementor/assets/fonts/open-iconic.svg]
[theme.creativemox.com/digimax/wp-content/plugins/skyboot-custom-icons-for-elementor/assets/fonts/Simple-Line-Iconsb26c.svg]
[theme.creativemox.com/digimax/wp-content/plugins/skyboot-custom-icons-for-elementor/assets/fonts/themify9f24.svg]
[theme.creativemox.com/digimax/wp-content/plugins/elementskit-lite/widgets/init/assets/img/cross-out.svg]
[theme.creativemox.com/digimax/wp-content/plugins/elementor/assets/css/widget-text-path.min5422.css]
[theme.creativemox.com/digimax/wp-content/plugins/elementor/assets/lib/animations/styles/fadeInLeft.min5422.css]
[theme.creativemox.com/digimax/wp-content/plugins/elementor/assets/css/widget-text-editor.min5422.css]
[theme.creativemox.com/digimax/wp-content/plugins/elementor/assets/lib/animations/styles/fadeInRight.min5422.css]
[theme.creativemox.com/digimax/wp-content/plugins/elementor/assets/css/widget-counter.min5422.css]
[theme.creativemox.com/digimax/wp-content/plugins/elementor/assets/css/widget-icon-box.min5422.css]
[theme.creativemox.com/digimax/wp-content/plugins/elementor-pro/assets/css/widget-call-to-action.min81e1.css]
[theme.creativemox.com/digimax/wp-content/plugins/elementor/assets/css/widget-rating.min5422.css]
[theme.creativemox.com/digimax/wp-content/plugins/elementor-pro/assets/css/widget-carousel.min81e1.css]
[theme.creativemox.com/digimax/wp-content/uploads/sites/7/2024/01/bg__img3.png]
[theme.creativemox.com/digimax/wp-content/uploads/sites/7/2024/01/bg_pattern.png]
[theme.creativemox.com/digimax/wp-content/uploads/sites/7/elementor/css/post-936c6f8.css]
[theme.creativemox.com/digimax/indexb648.html]
[theme.creativemox.com/digimax/wp-content/uploads/sites/7/elementor/css/post-63029bb.css]
[theme.creativemox.com/digimax/indexa1c1.html]
[theme.creativemox.com/digimax/wp-content/uploads/sites/7/elementor/css/post-736f7e8.css]
[theme.creativemox.com/digimax/indexdd7c.html]
[theme.creativemox.com/digimax/wp-content/plugins/elementor/assets/lib/animations/styles/zoomIn.min5422.css]
[theme.creativemox.com/digimax/wp-content/uploads/sites/7/elementor/css/post-4130c0d.css]
[theme.creativemox.com/digimax/index672e.html]
[theme.creativemox.com/digimax/wp-content/uploads/sites/7/elementor/css/post-872df4f.css]
[theme.creativemox.com/digimax/index6239.html]
[theme.creativemox.com/digimax/wp-content/uploads/sites/7/elementor/css/post-5269d78.css]
[theme.creativemox.com/digimax/index6a35.html]
[theme.creativemox.com/digimax/wp-content/plugins/elementor-pro/assets/css/widget-forms.min81e1.css]
[theme.creativemox.com/digimax/wp-content/plugins/elementor/assets/lib/flatpickr/flatpickr.mineda1.css]
[theme.creativemox.com/digimax/wp-content/plugins/elementor/assets/css/widget-google_maps.min5422.css]
[theme.creativemox.com/digimax/wp-content/uploads/sites/7/elementor/css/post-193b651.css]
[theme.creativemox.com/digimax/index28c5.html]
[theme.creativemox.com/digimax/wp-content/plugins/elementor/assets/lib/animations/styles/bounceIn.min5422.css]
[theme.creativemox.com/digimax/wp-content/uploads/sites/7/elementor/css/post-33320ae.css]
[theme.creativemox.com/digimax/indexf604.html]
[theme.creativemox.com/digimax/wp-content/uploads/sites/7/elementor/css/post-277e1e7.css]
[theme.creativemox.com/digimax/index9076.html]
[theme.creativemox.com/digimax/index4ab3.html]
[theme.creativemox.com/digimax/wp-json/oembed/1.0/embed9279.json]
[theme.creativemox.com/digimax/wp-json/oembed/1.0/embed5cf4]
[theme.creativemox.com/digimax/wp-includes/css/dist/block-library/style.min9704.css]
[theme.creativemox.com/digimax/wp-content/plugins/elementor-pro/assets/css/widget-theme-elements.min81e1.css]
[theme.creativemox.com/digimax/wp-content/plugins/elementor-pro/assets/css/widget-share-buttons.min81e1.css]
[theme.creativemox.com/digimax/wp-content/uploads/sites/7/elementor/css/post-1558354.css]
[theme.creativemox.com/digimax/index3f5a.html]
[theme.creativemox.com/digimax/category/digital-marketing/index.html]
[theme.creativemox.com/digimax/2024/01/19/index.html]
[theme.creativemox.com/digimax/wp-json/wp/v2/categories/8.json]
[theme.creativemox.com/digimax/category/digital-marketing/feed/index.html]
[theme.creativemox.com/digimax/category/data-analytics/feed/index.html]
[theme.creativemox.com/digimax/category/data-analytics/index.html]
[theme.creativemox.com/digimax/wp-json/wp/v2/categories/12.json]
[theme.creativemox.com/digimax/category/web-development/index.html]
[theme.creativemox.com/digimax/wp-json/wp/v2/categories/7.json]
[theme.creativemox.com/digimax/category/web-development/feed/index.html]
[theme.creativemox.com/digimax/category/social-media-management/index.html]
[theme.creativemox.com/digimax/wp-json/wp/v2/categories/10.json]
[theme.creativemox.com/digimax/category/social-media-management/feed/index.html]
[theme.creativemox.com/digimax/category/graphic-design/index.html]
[theme.creativemox.com/digimax/wp-json/wp/v2/categories/9.json]
[theme.creativemox.com/digimax/category/graphic-design/feed/index.html]
[theme.creativemox.com/digimax/category/e-commerce-solutions/index.html]
[theme.creativemox.com/digimax/wp-content/uploads/sites/7/elementor/css/post-179984c.css]
[theme.creativemox.com/digimax/indexccf8.html]
[theme.creativemox.com/digimax/wp-json/oembed/1.0/embed4ea4.json]
[theme.creativemox.com/digimax/wp-json/oembed/1.0/embed9307]
[theme.creativemox.com/digimax/index5401.html]
[theme.creativemox.com/digimax/indexb6ad.html]
[theme.creativemox.com/digimax/indexc5eb.html]
[theme.creativemox.com/digimax/index198a.html]
[theme.creativemox.com/digimax/index65d2.html]
[theme.creativemox.com/digimax/xmlrpc0db0.php]
[theme.creativemox.com/digimax/wp-json/wp/v2/categories/11.json]
[theme.creativemox.com/digimax/category/e-commerce-solutions/feed/index.html]
[theme.creativemox.com/digimax/wp-content/plugins/skyboot-custom-icons-for-elementor/assets/css//fonts/themifyd41d.html]
